------------------------------------------------------------
Timing Analyzer Summary
------------------------------------------------------------

Type  : Slow 1200mV 85C Model Setup 'CLK'
Slack : -3.633
TNS   : -56.392

Type  : Slow 1200mV 85C Model Hold 'CLK'
Slack : 0.329
TNS   : 0.000

Type  : Slow 1200mV 85C Model Recovery 'CLK'
Slack : -1.252
TNS   : -15.465

Type  : Slow 1200mV 85C Model Removal 'CLK'
Slack : 0.901
TNS   : 0.000

Type  : Slow 1200mV 85C Model Minimum Pulse Width 'CLK'
Slack : -3.000
TNS   : -60.523

Type  : Slow 1200mV 0C Model Setup 'CLK'
Slack : -3.219
TNS   : -49.138

Type  : Slow 1200mV 0C Model Hold 'CLK'
Slack : 0.295
TNS   : 0.000

Type  : Slow 1200mV 0C Model Recovery 'CLK'
Slack : -1.045
TNS   : -11.967

Type  : Slow 1200mV 0C Model Removal 'CLK'
Slack : 0.829
TNS   : 0.000

Type  : Slow 1200mV 0C Model Minimum Pulse Width 'CLK'
Slack : -3.000
TNS   : -60.523

Type  : Fast 1200mV 0C Model Setup 'CLK'
Slack : -0.926
TNS   : -10.239

Type  : Fast 1200mV 0C Model Hold 'CLK'
Slack : 0.144
TNS   : 0.000

Type  : Fast 1200mV 0C Model Recovery 'CLK'
Slack : -0.003
TNS   : -0.003

Type  : Fast 1200mV 0C Model Removal 'CLK'
Slack : 0.389
TNS   : 0.000

Type  : Fast 1200mV 0C Model Minimum Pulse Width 'CLK'
Slack : -3.000
TNS   : -45.475

------------------------------------------------------------
