------------------------------------------------------------
Timing Analyzer Summary
------------------------------------------------------------

Type  : Slow 1200mV 85C Model Setup 'Clk'
Slack : 5.098
TNS   : 0.000

Type  : Slow 1200mV 85C Model Setup 'u0|sdram_pll|sd1|pll7|clk[0]'
Slack : 9.271
TNS   : 0.000

Type  : Slow 1200mV 85C Model Setup 'altera_reserved_tck'
Slack : 46.229
TNS   : 0.000

Type  : Slow 1200mV 85C Model Hold 'Clk'
Slack : 0.254
TNS   : 0.000

Type  : Slow 1200mV 85C Model Hold 'u0|sdram_pll|sd1|pll7|clk[0]'
Slack : 0.347
TNS   : 0.000

Type  : Slow 1200mV 85C Model Hold 'altera_reserved_tck'
Slack : 0.348
TNS   : 0.000

Type  : Slow 1200mV 85C Model Recovery 'Clk'
Slack : 14.724
TNS   : 0.000

Type  : Slow 1200mV 85C Model Recovery 'u0|sdram_pll|sd1|pll7|clk[0]'
Slack : 14.997
TNS   : 0.000

Type  : Slow 1200mV 85C Model Recovery 'altera_reserved_tck'
Slack : 48.312
TNS   : 0.000

Type  : Slow 1200mV 85C Model Removal 'altera_reserved_tck'
Slack : 1.129
TNS   : 0.000

Type  : Slow 1200mV 85C Model Removal 'u0|sdram_pll|sd1|pll7|clk[0]'
Slack : 2.853
TNS   : 0.000

Type  : Slow 1200mV 85C Model Removal 'Clk'
Slack : 3.247
TNS   : 0.000

Type  : Slow 1200mV 85C Model Minimum Pulse Width 'Clk'
Slack : 9.542
TNS   : 0.000

Type  : Slow 1200mV 85C Model Minimum Pulse Width 'u0|sdram_pll|sd1|pll7|clk[0]'
Slack : 9.708
TNS   : 0.000

Type  : Slow 1200mV 85C Model Minimum Pulse Width 'altera_reserved_tck'
Slack : 49.616
TNS   : 0.000

Type  : Slow 1200mV 0C Model Setup 'Clk'
Slack : 6.197
TNS   : 0.000

Type  : Slow 1200mV 0C Model Setup 'u0|sdram_pll|sd1|pll7|clk[0]'
Slack : 9.987
TNS   : 0.000

Type  : Slow 1200mV 0C Model Setup 'altera_reserved_tck'
Slack : 46.542
TNS   : 0.000

Type  : Slow 1200mV 0C Model Hold 'Clk'
Slack : 0.253
TNS   : 0.000

Type  : Slow 1200mV 0C Model Hold 'altera_reserved_tck'
Slack : 0.311
TNS   : 0.000

Type  : Slow 1200mV 0C Model Hold 'u0|sdram_pll|sd1|pll7|clk[0]'
Slack : 0.311
TNS   : 0.000

Type  : Slow 1200mV 0C Model Recovery 'Clk'
Slack : 15.250
TNS   : 0.000

Type  : Slow 1200mV 0C Model Recovery 'u0|sdram_pll|sd1|pll7|clk[0]'
Slack : 15.456
TNS   : 0.000

Type  : Slow 1200mV 0C Model Recovery 'altera_reserved_tck'
Slack : 48.470
TNS   : 0.000

Type  : Slow 1200mV 0C Model Removal 'altera_reserved_tck'
Slack : 1.022
TNS   : 0.000

Type  : Slow 1200mV 0C Model Removal 'u0|sdram_pll|sd1|pll7|clk[0]'
Slack : 2.576
TNS   : 0.000

Type  : Slow 1200mV 0C Model Removal 'Clk'
Slack : 2.981
TNS   : 0.000

Type  : Slow 1200mV 0C Model Minimum Pulse Width 'Clk'
Slack : 9.567
TNS   : 0.000

Type  : Slow 1200mV 0C Model Minimum Pulse Width 'u0|sdram_pll|sd1|pll7|clk[0]'
Slack : 9.700
TNS   : 0.000

Type  : Slow 1200mV 0C Model Minimum Pulse Width 'altera_reserved_tck'
Slack : 49.638
TNS   : 0.000

Type  : Fast 1200mV 0C Model Setup 'Clk'
Slack : 12.884
TNS   : 0.000

Type  : Fast 1200mV 0C Model Setup 'u0|sdram_pll|sd1|pll7|clk[0]'
Slack : 15.106
TNS   : 0.000

Type  : Fast 1200mV 0C Model Setup 'altera_reserved_tck'
Slack : 48.618
TNS   : 0.000

Type  : Fast 1200mV 0C Model Hold 'Clk'
Slack : 0.098
TNS   : 0.000

Type  : Fast 1200mV 0C Model Hold 'u0|sdram_pll|sd1|pll7|clk[0]'
Slack : 0.151
TNS   : 0.000

Type  : Fast 1200mV 0C Model Hold 'altera_reserved_tck'
Slack : 0.152
TNS   : 0.000

Type  : Fast 1200mV 0C Model Recovery 'Clk'
Slack : 17.273
TNS   : 0.000

Type  : Fast 1200mV 0C Model Recovery 'u0|sdram_pll|sd1|pll7|clk[0]'
Slack : 17.645
TNS   : 0.000

Type  : Fast 1200mV 0C Model Recovery 'altera_reserved_tck'
Slack : 49.486
TNS   : 0.000

Type  : Fast 1200mV 0C Model Removal 'altera_reserved_tck'
Slack : 0.479
TNS   : 0.000

Type  : Fast 1200mV 0C Model Removal 'u0|sdram_pll|sd1|pll7|clk[0]'
Slack : 1.387
TNS   : 0.000

Type  : Fast 1200mV 0C Model Removal 'Clk'
Slack : 1.592
TNS   : 0.000

Type  : Fast 1200mV 0C Model Minimum Pulse Width 'Clk'
Slack : 9.401
TNS   : 0.000

Type  : Fast 1200mV 0C Model Minimum Pulse Width 'u0|sdram_pll|sd1|pll7|clk[0]'
Slack : 9.720
TNS   : 0.000

Type  : Fast 1200mV 0C Model Minimum Pulse Width 'altera_reserved_tck'
Slack : 49.416
TNS   : 0.000

------------------------------------------------------------
